Component: Arm Compiler for Embedded 6.24 Tool: armlink [5f371500]

==============================================================================

Section Cross References

    system_py32f0xx.o(.text.SystemCoreClockUpdate) refers to system_py32f0xx.o(.rodata.HSIFreqTable) for HSIFreqTable
    system_py32f0xx.o(.text.SystemCoreClockUpdate) refers to system_py32f0xx.o(.data.SystemCoreClock) for SystemCoreClock
    system_py32f0xx.o(.text.SystemCoreClockUpdate) refers to system_py32f0xx.o(.rodata.AHBPrescTable) for AHBPrescTable
    system_py32f0xx.o(.ARM.exidx.text.SystemCoreClockUpdate) refers to system_py32f0xx.o(.text.SystemCoreClockUpdate) for [Anonymous Symbol]
    system_py32f0xx.o(.ARM.exidx.text.SystemInit) refers to system_py32f0xx.o(.text.SystemInit) for [Anonymous Symbol]
    system_py32f0xx.o(.text.$Sub$$main) refers to main.o(.text.main) for $Super$$main
    system_py32f0xx.o(.text.$Sub$$main) refers to system_py32f0xx.o(.ARM.__at_0x20000000) for VECT_SRAM_TAB
    system_py32f0xx.o(.ARM.exidx.text.$Sub$$main) refers to system_py32f0xx.o(.text.$Sub$$main) for [Anonymous Symbol]
    startup_py32f003xx.o(RESET) refers to startup_py32f003xx.o(STACK) for __initial_sp
    startup_py32f003xx.o(RESET) refers to startup_py32f003xx.o(.text) for Reset_Handler
    startup_py32f003xx.o(RESET) refers to py32f0xx_it.o(.text.NMI_Handler) for NMI_Handler
    startup_py32f003xx.o(RESET) refers to py32f0xx_it.o(.text.HardFault_Handler) for HardFault_Handler
    startup_py32f003xx.o(RESET) refers to py32f0xx_it.o(.text.SVC_Handler) for SVC_Handler
    startup_py32f003xx.o(RESET) refers to py32f0xx_it.o(.text.PendSV_Handler) for PendSV_Handler
    startup_py32f003xx.o(RESET) refers to py32f0xx_it.o(.text.SysTick_Handler) for SysTick_Handler
    startup_py32f003xx.o(.text) refers to system_py32f0xx.o(.text.SystemInit) for SystemInit
    startup_py32f003xx.o(.text) refers to entry.o(.ARM.Collect$$$$00000000) for __main
    main.o(.text.main) refers to py32f0xx_ll_utils.o(.text.LL_Init1msTick) for LL_Init1msTick
    main.o(.text.main) refers to py32f0xx_ll_utils.o(.text.LL_SetSystemCoreClock) for LL_SetSystemCoreClock
    main.o(.text.main) refers to py32f0xx_ll_utils.o(.text.LL_mDelay) for LL_mDelay
    main.o(.ARM.exidx.text.main) refers to main.o(.text.main) for [Anonymous Symbol]
    main.o(.ARM.exidx.text.APP_ErrorHandler) refers to main.o(.text.APP_ErrorHandler) for [Anonymous Symbol]
    py32f0xx_it.o(.ARM.exidx.text.NMI_Handler) refers to py32f0xx_it.o(.text.NMI_Handler) for [Anonymous Symbol]
    py32f0xx_it.o(.ARM.exidx.text.HardFault_Handler) refers to py32f0xx_it.o(.text.HardFault_Handler) for [Anonymous Symbol]
    py32f0xx_it.o(.ARM.exidx.text.SVC_Handler) refers to py32f0xx_it.o(.text.SVC_Handler) for [Anonymous Symbol]
    py32f0xx_it.o(.ARM.exidx.text.PendSV_Handler) refers to py32f0xx_it.o(.text.PendSV_Handler) for [Anonymous Symbol]
    py32f0xx_it.o(.ARM.exidx.text.SysTick_Handler) refers to py32f0xx_it.o(.text.SysTick_Handler) for [Anonymous Symbol]
    eventrecorder.o(.text.EventRecorderInitialize) refers to memseta.o(.text) for __aeabi_memclr4
    eventrecorder.o(.text.EventRecorderInitialize) refers to eventrecorderhwtimer.o(.text.EventRecorderTimerSetup) for EventRecorderTimerSetup
    eventrecorder.o(.text.EventRecorderInitialize) refers to eventrecorderhwtimer.o(.text.EventRecorderTimerGetFreq) for EventRecorderTimerGetFreq
    eventrecorder.o(.text.EventRecorderInitialize) refers to eventrecorderhwtimer.o(.text.EventRecorderTimerGetCount) for EventRecorderTimerGetCount
    eventrecorder.o(.text.EventRecorderInitialize) refers to eventrecorder.o(.text.EventRecordItem) for EventRecordItem
    eventrecorder.o(.text.EventRecorderInitialize) refers to eventrecorder.o(.noinit) for [Anonymous Symbol]
    eventrecorder.o(.text.EventRecorderInitialize) refers to eventrecorder.o(.rodata.EventRecorderInfo) for EventRecorderInfo
    eventrecorder.o(.ARM.exidx.text.EventRecorderInitialize) refers to eventrecorder.o(.text.EventRecorderInitialize) for [Anonymous Symbol]
    eventrecorder.o(.text.EventRecorderEnable) refers to eventrecorder.o(.noinit) for [Anonymous Symbol]
    eventrecorder.o(.ARM.exidx.text.EventRecorderEnable) refers to eventrecorder.o(.text.EventRecorderEnable) for [Anonymous Symbol]
    eventrecorder.o(.text.EventRecordItem) refers to eventrecorder.o(.noinit) for [Anonymous Symbol]
    eventrecorder.o(.ARM.exidx.text.EventRecordItem) refers to eventrecorder.o(.text.EventRecordItem) for [Anonymous Symbol]
    eventrecorder.o(.text.EventRecorderStart) refers to eventrecorderhwtimer.o(.text.EventRecorderTimerGetCount) for EventRecorderTimerGetCount
    eventrecorder.o(.text.EventRecorderStart) refers to eventrecorder.o(.text.EventRecordItem) for EventRecordItem
    eventrecorder.o(.text.EventRecorderStart) refers to eventrecorder.o(.noinit) for [Anonymous Symbol]
    eventrecorder.o(.ARM.exidx.text.EventRecorderStart) refers to eventrecorder.o(.text.EventRecorderStart) for [Anonymous Symbol]
    eventrecorder.o(.text.EventRecorderDisable) refers to eventrecorder.o(.noinit) for [Anonymous Symbol]
    eventrecorder.o(.ARM.exidx.text.EventRecorderDisable) refers to eventrecorder.o(.text.EventRecorderDisable) for [Anonymous Symbol]
    eventrecorder.o(.text.EventRecorderStop) refers to eventrecorderhwtimer.o(.text.EventRecorderTimerGetCount) for EventRecorderTimerGetCount
    eventrecorder.o(.text.EventRecorderStop) refers to eventrecorder.o(.text.EventRecordItem) for EventRecordItem
    eventrecorder.o(.text.EventRecorderStop) refers to eventrecorder.o(.noinit) for [Anonymous Symbol]
    eventrecorder.o(.ARM.exidx.text.EventRecorderStop) refers to eventrecorder.o(.text.EventRecorderStop) for [Anonymous Symbol]
    eventrecorder.o(.text.EventRecorderClockUpdate) refers to eventrecorderhwtimer.o(.text.EventRecorderTimerGetFreq) for EventRecorderTimerGetFreq
    eventrecorder.o(.text.EventRecorderClockUpdate) refers to eventrecorderhwtimer.o(.text.EventRecorderTimerGetCount) for EventRecorderTimerGetCount
    eventrecorder.o(.text.EventRecorderClockUpdate) refers to eventrecorder.o(.text.EventRecordItem) for EventRecordItem
    eventrecorder.o(.text.EventRecorderClockUpdate) refers to eventrecorder.o(.noinit) for [Anonymous Symbol]
    eventrecorder.o(.ARM.exidx.text.EventRecorderClockUpdate) refers to eventrecorder.o(.text.EventRecorderClockUpdate) for [Anonymous Symbol]
    eventrecorder.o(.text.EventRecordData) refers to eventrecorderhwtimer.o(.text.EventRecorderTimerGetCount) for EventRecorderTimerGetCount
    eventrecorder.o(.text.EventRecordData) refers to memcpya.o(.text) for __aeabi_memcpy
    eventrecorder.o(.text.EventRecordData) refers to eventrecorder.o(.text.EventRecordItem) for EventRecordItem
    eventrecorder.o(.text.EventRecordData) refers to eventrecorder.o(.noinit) for [Anonymous Symbol]
    eventrecorder.o(.ARM.exidx.text.EventRecordData) refers to eventrecorder.o(.text.EventRecordData) for [Anonymous Symbol]
    eventrecorder.o(.text.EventRecord2) refers to eventrecorderhwtimer.o(.text.EventRecorderTimerGetCount) for EventRecorderTimerGetCount
    eventrecorder.o(.text.EventRecord2) refers to eventrecorder.o(.text.EventRecordItem) for EventRecordItem
    eventrecorder.o(.text.EventRecord2) refers to eventrecorder.o(.noinit) for [Anonymous Symbol]
    eventrecorder.o(.ARM.exidx.text.EventRecord2) refers to eventrecorder.o(.text.EventRecord2) for [Anonymous Symbol]
    eventrecorder.o(.text.EventRecord4) refers to eventrecorderhwtimer.o(.text.EventRecorderTimerGetCount) for EventRecorderTimerGetCount
    eventrecorder.o(.text.EventRecord4) refers to eventrecorder.o(.text.EventRecordItem) for EventRecordItem
    eventrecorder.o(.text.EventRecord4) refers to eventrecorder.o(.noinit) for [Anonymous Symbol]
    eventrecorder.o(.ARM.exidx.text.EventRecord4) refers to eventrecorder.o(.text.EventRecord4) for [Anonymous Symbol]
    eventrecorder.o(.rodata.EventRecorderInfo) refers to eventrecorder.o(.noinit) for [Anonymous Symbol]
    eventrecorderhwtimer.o(.ARM.exidx.text.EventRecorderTimerSetup) refers to eventrecorderhwtimer.o(.text.EventRecorderTimerSetup) for [Anonymous Symbol]
    eventrecorderhwtimer.o(.ARM.exidx.text.EventRecorderTimerGetFreq) refers to eventrecorderhwtimer.o(.text.EventRecorderTimerGetFreq) for [Anonymous Symbol]
    eventrecorderhwtimer.o(.ARM.exidx.text.EventRecorderTimerGetCount) refers to eventrecorderhwtimer.o(.text.EventRecorderTimerGetCount) for [Anonymous Symbol]
    py32f003xx_ll_start_kit.o(.ARM.exidx.text.BSP_GetVersion) refers to py32f003xx_ll_start_kit.o(.text.BSP_GetVersion) for [Anonymous Symbol]
    py32f003xx_ll_start_kit.o(.text.BSP_LED_Init) refers to py32f003xx_ll_start_kit.o(.data.LED_PORT) for LED_PORT
    py32f003xx_ll_start_kit.o(.ARM.exidx.text.BSP_LED_Init) refers to py32f003xx_ll_start_kit.o(.text.BSP_LED_Init) for [Anonymous Symbol]
    py32f003xx_ll_start_kit.o(.text.BSP_LED_DeInit) refers to py32f003xx_ll_start_kit.o(.data.LED_PORT) for LED_PORT
    py32f003xx_ll_start_kit.o(.ARM.exidx.text.BSP_LED_DeInit) refers to py32f003xx_ll_start_kit.o(.text.BSP_LED_DeInit) for [Anonymous Symbol]
    py32f003xx_ll_start_kit.o(.text.BSP_LED_On) refers to py32f003xx_ll_start_kit.o(.data.LED_PORT) for LED_PORT
    py32f003xx_ll_start_kit.o(.ARM.exidx.text.BSP_LED_On) refers to py32f003xx_ll_start_kit.o(.text.BSP_LED_On) for [Anonymous Symbol]
    py32f003xx_ll_start_kit.o(.text.BSP_LED_Off) refers to py32f003xx_ll_start_kit.o(.data.LED_PORT) for LED_PORT
    py32f003xx_ll_start_kit.o(.ARM.exidx.text.BSP_LED_Off) refers to py32f003xx_ll_start_kit.o(.text.BSP_LED_Off) for [Anonymous Symbol]
    py32f003xx_ll_start_kit.o(.text.BSP_LED_Toggle) refers to py32f003xx_ll_start_kit.o(.data.LED_PORT) for LED_PORT
    py32f003xx_ll_start_kit.o(.ARM.exidx.text.BSP_LED_Toggle) refers to py32f003xx_ll_start_kit.o(.text.BSP_LED_Toggle) for [Anonymous Symbol]
    py32f003xx_ll_start_kit.o(.text.BSP_PB_Init) refers to py32f003xx_ll_start_kit.o(.data.BUTTON_PORT) for BUTTON_PORT
    py32f003xx_ll_start_kit.o(.ARM.exidx.text.BSP_PB_Init) refers to py32f003xx_ll_start_kit.o(.text.BSP_PB_Init) for [Anonymous Symbol]
    py32f003xx_ll_start_kit.o(.text.BSP_PB_DeInit) refers to py32f003xx_ll_start_kit.o(.data.BUTTON_PORT) for BUTTON_PORT
    py32f003xx_ll_start_kit.o(.ARM.exidx.text.BSP_PB_DeInit) refers to py32f003xx_ll_start_kit.o(.text.BSP_PB_DeInit) for [Anonymous Symbol]
    py32f003xx_ll_start_kit.o(.text.BSP_PB_GetState) refers to py32f003xx_ll_start_kit.o(.data.BUTTON_PORT) for BUTTON_PORT
    py32f003xx_ll_start_kit.o(.ARM.exidx.text.BSP_PB_GetState) refers to py32f003xx_ll_start_kit.o(.text.BSP_PB_GetState) for [Anonymous Symbol]
    py32f003xx_ll_start_kit.o(.text.BSP_USART_Config) refers to uidiv_div0.o(.text) for __aeabi_uidiv
    py32f003xx_ll_start_kit.o(.text.BSP_USART_Config) refers to system_py32f0xx.o(.data.SystemCoreClock) for SystemCoreClock
    py32f003xx_ll_start_kit.o(.ARM.exidx.text.BSP_USART_Config) refers to py32f003xx_ll_start_kit.o(.text.BSP_USART_Config) for [Anonymous Symbol]
    py32f003xx_ll_start_kit.o(.ARM.exidx.text.fputc) refers to py32f003xx_ll_start_kit.o(.text.fputc) for [Anonymous Symbol]
    py32f003xx_ll_start_kit.o(.ARM.exidx.text.fgetc) refers to py32f003xx_ll_start_kit.o(.text.fgetc) for [Anonymous Symbol]
    py32f0xx_ll_utils.o(.text.LL_Init1msTick) refers to uidiv_div0.o(.text) for __aeabi_uidiv
    py32f0xx_ll_utils.o(.ARM.exidx.text.LL_Init1msTick) refers to py32f0xx_ll_utils.o(.text.LL_Init1msTick) for [Anonymous Symbol]
    py32f0xx_ll_utils.o(.ARM.exidx.text.LL_mDelay) refers to py32f0xx_ll_utils.o(.text.LL_mDelay) for [Anonymous Symbol]
    py32f0xx_ll_utils.o(.text.LL_SetSystemCoreClock) refers to system_py32f0xx.o(.data.SystemCoreClock) for SystemCoreClock
    py32f0xx_ll_utils.o(.ARM.exidx.text.LL_SetSystemCoreClock) refers to py32f0xx_ll_utils.o(.text.LL_SetSystemCoreClock) for [Anonymous Symbol]
    py32f0xx_ll_utils.o(.ARM.exidx.text.LL_SetFlashLatency) refers to py32f0xx_ll_utils.o(.text.LL_SetFlashLatency) for [Anonymous Symbol]
    entry.o(.ARM.Collect$$$$00000000) refers (Special) to entry10a.o(.ARM.Collect$$$$0000000D) for __rt_final_cpp
    entry.o(.ARM.Collect$$$$00000000) refers (Special) to entry11a.o(.ARM.Collect$$$$0000000F) for __rt_final_exit
    entry.o(.ARM.Collect$$$$00000000) refers (Special) to entry7b.o(.ARM.Collect$$$$00000008) for _main_clock
    entry.o(.ARM.Collect$$$$00000000) refers (Special) to entry8b.o(.ARM.Collect$$$$0000000A) for _main_cpp_init
    entry.o(.ARM.Collect$$$$00000000) refers (Special) to entry9a.o(.ARM.Collect$$$$0000000B) for _main_init
    entry.o(.ARM.Collect$$$$00000000) refers (Special) to entry5.o(.ARM.Collect$$$$00000004) for _main_scatterload
    entry.o(.ARM.Collect$$$$00000000) refers (Special) to entry2.o(.ARM.Collect$$$$00000001) for _main_stk
    entry2.o(.ARM.Collect$$$$00000001) refers to entry2.o(.ARM.Collect$$$$00002712) for __lit__00000000
    entry2.o(.ARM.Collect$$$$00002712) refers to startup_py32f003xx.o(STACK) for __initial_sp
    entry2.o(__vectab_stack_and_reset_area) refers to startup_py32f003xx.o(STACK) for __initial_sp
    entry2.o(__vectab_stack_and_reset_area) refers to entry.o(.ARM.Collect$$$$00000000) for __main
    entry5.o(.ARM.Collect$$$$00000004) refers to init.o(.text) for __scatterload
    entry9a.o(.ARM.Collect$$$$0000000B) refers to system_py32f0xx.o(.text.$Sub$$main) for main
    entry9b.o(.ARM.Collect$$$$0000000C) refers to system_py32f0xx.o(.text.$Sub$$main) for main
    idiv_div0.o(.text) refers to uidiv_div0.o(.text) for __aeabi_uidivmod
    init.o(.text) refers to entry5.o(.ARM.Collect$$$$00000004) for __main_after_scatterload


==============================================================================

Removing Unused input sections from the image.

    Removing system_py32f0xx.o(.text), (0 bytes).
    Removing system_py32f0xx.o(.text.SystemCoreClockUpdate), (96 bytes).
    Removing system_py32f0xx.o(.ARM.exidx.text.SystemCoreClockUpdate), (8 bytes).
    Removing system_py32f0xx.o(.ARM.exidx.text.SystemInit), (8 bytes).
    Removing system_py32f0xx.o(.ARM.exidx.text.$Sub$$main), (8 bytes).
    Removing system_py32f0xx.o(.rodata.AHBPrescTable), (64 bytes).
    Removing system_py32f0xx.o(.rodata.APBPrescTable), (32 bytes).
    Removing system_py32f0xx.o(.rodata.HSIFreqTable), (32 bytes).
    Removing startup_py32f003xx.o(HEAP), (0 bytes).
    Removing main.o(.text), (0 bytes).
    Removing main.o(.ARM.exidx.text.main), (8 bytes).
    Removing main.o(.text.APP_ErrorHandler), (2 bytes).
    Removing main.o(.ARM.exidx.text.APP_ErrorHandler), (8 bytes).
    Removing main.o(.ARM.use_no_argv), (4 bytes).
    Removing py32f0xx_it.o(.text), (0 bytes).
    Removing py32f0xx_it.o(.ARM.exidx.text.NMI_Handler), (8 bytes).
    Removing py32f0xx_it.o(.ARM.exidx.text.HardFault_Handler), (8 bytes).
    Removing py32f0xx_it.o(.ARM.exidx.text.SVC_Handler), (8 bytes).
    Removing py32f0xx_it.o(.ARM.exidx.text.PendSV_Handler), (8 bytes).
    Removing py32f0xx_it.o(.ARM.exidx.text.SysTick_Handler), (8 bytes).
    Removing eventrecorder.o(.text), (0 bytes).
    Removing eventrecorder.o(.text.EventRecorderInitialize), (560 bytes).
    Removing eventrecorder.o(.ARM.exidx.text.EventRecorderInitialize), (8 bytes).
    Removing eventrecorder.o(.text.EventRecorderEnable), (96 bytes).
    Removing eventrecorder.o(.ARM.exidx.text.EventRecorderEnable), (8 bytes).
    Removing eventrecorder.o(.text.EventRecordItem), (248 bytes).
    Removing eventrecorder.o(.ARM.exidx.text.EventRecordItem), (8 bytes).
    Removing eventrecorder.o(.text.EventRecorderStart), (132 bytes).
    Removing eventrecorder.o(.ARM.exidx.text.EventRecorderStart), (8 bytes).
    Removing eventrecorder.o(.text.EventRecorderDisable), (96 bytes).
    Removing eventrecorder.o(.ARM.exidx.text.EventRecorderDisable), (8 bytes).
    Removing eventrecorder.o(.text.EventRecorderStop), (128 bytes).
    Removing eventrecorder.o(.ARM.exidx.text.EventRecorderStop), (8 bytes).
    Removing eventrecorder.o(.text.EventRecorderClockUpdate), (124 bytes).
    Removing eventrecorder.o(.ARM.exidx.text.EventRecorderClockUpdate), (8 bytes).
    Removing eventrecorder.o(.text.EventRecordData), (472 bytes).
    Removing eventrecorder.o(.ARM.exidx.text.EventRecordData), (8 bytes).
    Removing eventrecorder.o(.text.EventRecord2), (172 bytes).
    Removing eventrecorder.o(.ARM.exidx.text.EventRecord2), (8 bytes).
    Removing eventrecorder.o(.text.EventRecord4), (232 bytes).
    Removing eventrecorder.o(.ARM.exidx.text.EventRecord4), (8 bytes).
    Removing eventrecorderhwtimer.o(.text), (0 bytes).
    Removing eventrecorderhwtimer.o(.text.EventRecorderTimerSetup), (48 bytes).
    Removing eventrecorderhwtimer.o(.ARM.exidx.text.EventRecorderTimerSetup), (8 bytes).
    Removing eventrecorderhwtimer.o(.text.EventRecorderTimerGetFreq), (8 bytes).
    Removing eventrecorderhwtimer.o(.ARM.exidx.text.EventRecorderTimerGetFreq), (8 bytes).
    Removing eventrecorderhwtimer.o(.text.EventRecorderTimerGetCount), (12 bytes).
    Removing eventrecorderhwtimer.o(.ARM.exidx.text.EventRecorderTimerGetCount), (8 bytes).
    Removing py32f003xx_ll_start_kit.o(.text), (0 bytes).
    Removing py32f003xx_ll_start_kit.o(.text.BSP_GetVersion), (6 bytes).
    Removing py32f003xx_ll_start_kit.o(.ARM.exidx.text.BSP_GetVersion), (8 bytes).
    Removing py32f003xx_ll_start_kit.o(.text.BSP_LED_Init), (60 bytes).
    Removing py32f003xx_ll_start_kit.o(.ARM.exidx.text.BSP_LED_Init), (8 bytes).
    Removing py32f003xx_ll_start_kit.o(.text.BSP_LED_DeInit), (28 bytes).
    Removing py32f003xx_ll_start_kit.o(.ARM.exidx.text.BSP_LED_DeInit), (8 bytes).
    Removing py32f003xx_ll_start_kit.o(.text.BSP_LED_On), (16 bytes).
    Removing py32f003xx_ll_start_kit.o(.ARM.exidx.text.BSP_LED_On), (8 bytes).
    Removing py32f003xx_ll_start_kit.o(.text.BSP_LED_Off), (16 bytes).
    Removing py32f003xx_ll_start_kit.o(.ARM.exidx.text.BSP_LED_Off), (8 bytes).
    Removing py32f003xx_ll_start_kit.o(.text.BSP_LED_Toggle), (20 bytes).
    Removing py32f003xx_ll_start_kit.o(.ARM.exidx.text.BSP_LED_Toggle), (8 bytes).
    Removing py32f003xx_ll_start_kit.o(.text.BSP_PB_Init), (120 bytes).
    Removing py32f003xx_ll_start_kit.o(.ARM.exidx.text.BSP_PB_Init), (8 bytes).
    Removing py32f003xx_ll_start_kit.o(.text.BSP_PB_DeInit), (32 bytes).
    Removing py32f003xx_ll_start_kit.o(.ARM.exidx.text.BSP_PB_DeInit), (8 bytes).
    Removing py32f003xx_ll_start_kit.o(.text.BSP_PB_GetState), (20 bytes).
    Removing py32f003xx_ll_start_kit.o(.ARM.exidx.text.BSP_PB_GetState), (8 bytes).
    Removing py32f003xx_ll_start_kit.o(.text.BSP_USART_Config), (284 bytes).
    Removing py32f003xx_ll_start_kit.o(.ARM.exidx.text.BSP_USART_Config), (8 bytes).
    Removing py32f003xx_ll_start_kit.o(.text.fputc), (24 bytes).
    Removing py32f003xx_ll_start_kit.o(.ARM.exidx.text.fputc), (8 bytes).
    Removing py32f003xx_ll_start_kit.o(.text.fgetc), (20 bytes).
    Removing py32f003xx_ll_start_kit.o(.ARM.exidx.text.fgetc), (8 bytes).
    Removing py32f003xx_ll_start_kit.o(.data.LED_PORT), (4 bytes).
    Removing py32f003xx_ll_start_kit.o(.rodata.LED_PIN), (2 bytes).
    Removing py32f003xx_ll_start_kit.o(.data.BUTTON_PORT), (4 bytes).
    Removing py32f003xx_ll_start_kit.o(.rodata.BUTTON_PIN), (2 bytes).
    Removing py32f003xx_ll_start_kit.o(.rodata.BUTTON_IRQn), (1 bytes).
    Removing py32f003xx_ll_start_kit.o(.rodata.BUTTON_EXTI_LINE), (4 bytes).
    Removing py32f0xx_ll_utils.o(.text), (0 bytes).
    Removing py32f0xx_ll_utils.o(.ARM.exidx.text.LL_Init1msTick), (8 bytes).
    Removing py32f0xx_ll_utils.o(.ARM.exidx.text.LL_mDelay), (8 bytes).
    Removing py32f0xx_ll_utils.o(.ARM.exidx.text.LL_SetSystemCoreClock), (8 bytes).
    Removing py32f0xx_ll_utils.o(.text.LL_SetFlashLatency), (68 bytes).
    Removing py32f0xx_ll_utils.o(.ARM.exidx.text.LL_SetFlashLatency), (8 bytes).

85 unused section(s) (total 3601 bytes) removed from the image.

==============================================================================

Image Symbol Table

    Local Symbols

    Symbol Name                              Value     Ov Type        Size  Object(Section)

    ../clib/../cmprslib/zerorunl.c           0x00000000   Number         0  __dczerorl.o ABSOLUTE
    ../clib/division.s                       0x00000000   Number         0  aeabi_sdivfast.o ABSOLUTE
    ../clib/division.s                       0x00000000   Number         0  aeabi_sdivfast_div0.o ABSOLUTE
    ../clib/microlib/division.c              0x00000000   Number         0  uidiv.o ABSOLUTE
    ../clib/microlib/division.c              0x00000000   Number         0  uidiv_div0.o ABSOLUTE
    ../clib/microlib/division.c              0x00000000   Number         0  idiv_div0.o ABSOLUTE
    ../clib/microlib/division.c              0x00000000   Number         0  idiv0.o ABSOLUTE
    ../clib/microlib/init/entry.s            0x00000000   Number         0  entry.o ABSOLUTE
    ../clib/microlib/init/entry.s            0x00000000   Number         0  entry2.o ABSOLUTE
    ../clib/microlib/init/entry.s            0x00000000   Number         0  entry5.o ABSOLUTE
    ../clib/microlib/init/entry.s            0x00000000   Number         0  entry7a.o ABSOLUTE
    ../clib/microlib/init/entry.s            0x00000000   Number         0  entry7b.o ABSOLUTE
    ../clib/microlib/init/entry.s            0x00000000   Number         0  entry8a.o ABSOLUTE
    ../clib/microlib/init/entry.s            0x00000000   Number         0  entry8b.o ABSOLUTE
    ../clib/microlib/init/entry.s            0x00000000   Number         0  entry9a.o ABSOLUTE
    ../clib/microlib/init/entry.s            0x00000000   Number         0  entry9b.o ABSOLUTE
    ../clib/microlib/init/entry.s            0x00000000   Number         0  entry10a.o ABSOLUTE
    ../clib/microlib/init/entry.s            0x00000000   Number         0  entry10b.o ABSOLUTE
    ../clib/microlib/init/entry.s            0x00000000   Number         0  entry11a.o ABSOLUTE
    ../clib/microlib/init/entry.s            0x00000000   Number         0  entry11b.o ABSOLUTE
    ../clib/microlib/string/memcpy.c         0x00000000   Number         0  memcpya.o ABSOLUTE
    ../clib/microlib/string/memcpy.c         0x00000000   Number         0  memcpyb.o ABSOLUTE
    ../clib/microlib/string/memset.c         0x00000000   Number         0  memseta.o ABSOLUTE
    EventRecorder.c                          0x00000000   Number         0  eventrecorder.o ABSOLUTE
    EventRecorderHwTimer.c                   0x00000000   Number         0  eventrecorderhwtimer.o ABSOLUTE
    dc.s                                     0x00000000   Number         0  dc.o ABSOLUTE
    handlers.s                               0x00000000   Number         0  handlers.o ABSOLUTE
    init.s                                   0x00000000   Number         0  init.o ABSOLUTE
    main.c                                   0x00000000   Number         0  main.o ABSOLUTE
    py32f003xx_ll_Start_Kit.c                0x00000000   Number         0  py32f003xx_ll_start_kit.o ABSOLUTE
    py32f0xx_it.c                            0x00000000   Number         0  py32f0xx_it.o ABSOLUTE
    py32f0xx_ll_utils.c                      0x00000000   Number         0  py32f0xx_ll_utils.o ABSOLUTE
    startup_py32f003xx.s                     0x00000000   Number         0  startup_py32f003xx.o ABSOLUTE
    system_py32f0xx.c                        0x00000000   Number         0  system_py32f0xx.o ABSOLUTE
    RESET                                    0x08000000   Section      192  startup_py32f003xx.o(RESET)
    .ARM.Collect$$$$00000000                 0x080000c0   Section        0  entry.o(.ARM.Collect$$$$00000000)
    .ARM.Collect$$$$00000001                 0x080000c0   Section        4  entry2.o(.ARM.Collect$$$$00000001)
    .ARM.Collect$$$$00000004                 0x080000c4   Section        4  entry5.o(.ARM.Collect$$$$00000004)
    .ARM.Collect$$$$00000008                 0x080000c8   Section        0  entry7b.o(.ARM.Collect$$$$00000008)
    .ARM.Collect$$$$0000000A                 0x080000c8   Section        0  entry8b.o(.ARM.Collect$$$$0000000A)
    .ARM.Collect$$$$0000000B                 0x080000c8   Section        8  entry9a.o(.ARM.Collect$$$$0000000B)
    __lit__00000000                          0x080000d0   Data           4  entry2.o(.ARM.Collect$$$$00002712)
    .ARM.Collect$$$$0000000D                 0x080000d0   Section        0  entry10a.o(.ARM.Collect$$$$0000000D)
    .ARM.Collect$$$$0000000F                 0x080000d0   Section        0  entry11a.o(.ARM.Collect$$$$0000000F)
    .ARM.Collect$$$$00002712                 0x080000d0   Section        4  entry2.o(.ARM.Collect$$$$00002712)
    .text                                    0x080000d4   Section       28  startup_py32f003xx.o(.text)
    .text                                    0x080000f0   Section        0  uidiv_div0.o(.text)
    .text                                    0x08000130   Section       48  init.o(.text)
    .text                                    0x08000160   Section        0  __dczerorl.o(.text)
    [Anonymous Symbol]                       0x0800019c   Section        0  system_py32f0xx.o(.text.$Sub$$main)
    __arm_cp.2_0                             0x080001c0   Number         4  system_py32f0xx.o(.text.$Sub$$main)
    [Anonymous Symbol]                       0x080001c4   Section        0  py32f0xx_it.o(.text.HardFault_Handler)
    [Anonymous Symbol]                       0x080001c8   Section        0  py32f0xx_ll_utils.o(.text.LL_Init1msTick)
    [Anonymous Symbol]                       0x080001e4   Section        0  py32f0xx_ll_utils.o(.text.LL_SetSystemCoreClock)
    __arm_cp.2_0                             0x080001ec   Number         4  py32f0xx_ll_utils.o(.text.LL_SetSystemCoreClock)
    [Anonymous Symbol]                       0x080001f0   Section        0  py32f0xx_ll_utils.o(.text.LL_mDelay)
    __arm_cp.1_0                             0x08000210   Number         4  py32f0xx_ll_utils.o(.text.LL_mDelay)
    [Anonymous Symbol]                       0x08000214   Section        0  py32f0xx_it.o(.text.NMI_Handler)
    [Anonymous Symbol]                       0x08000216   Section        0  py32f0xx_it.o(.text.PendSV_Handler)
    [Anonymous Symbol]                       0x08000218   Section        0  py32f0xx_it.o(.text.SVC_Handler)
    [Anonymous Symbol]                       0x0800021a   Section        0  py32f0xx_it.o(.text.SysTick_Handler)
    [Anonymous Symbol]                       0x0800021c   Section        0  system_py32f0xx.o(.text.SystemInit)
    __arm_cp.1_0                             0x0800023c   Number         4  system_py32f0xx.o(.text.SystemInit)
    __arm_cp.1_1                             0x08000240   Number         4  system_py32f0xx.o(.text.SystemInit)
    __arm_cp.1_2                             0x08000244   Number         4  system_py32f0xx.o(.text.SystemInit)
    __arm_cp.1_3                             0x08000248   Number         4  system_py32f0xx.o(.text.SystemInit)
    [Anonymous Symbol]                       0x0800024c   Section        0  main.o(.text.main)
    __arm_cp.0_0                             0x080002c4   Number         4  main.o(.text.main)
    __arm_cp.0_1                             0x080002c8   Number         4  main.o(.text.main)
    __arm_cp.0_2                             0x080002cc   Number         4  main.o(.text.main)
    i.__scatterload_copy                     0x080002d0   Section       14  handlers.o(i.__scatterload_copy)
    i.__scatterload_null                     0x080002de   Section        2  handlers.o(i.__scatterload_null)
    i.__scatterload_zeroinit                 0x080002e0   Section       14  handlers.o(i.__scatterload_zeroinit)
    __tagsym$$used.0                         0x080002f0   Number         0  eventrecorder.o(.rodata.EventRecorderInfo)
    EventBuffer                              0x20000100   Data        1024  eventrecorder.o(.noinit)
    [Anonymous Symbol]                       0x20000100   Section        0  eventrecorder.o(.noinit)
    EventFilter                              0x20000500   Data         128  eventrecorder.o(.noinit)
    EventStatus                              0x20000580   Data          36  eventrecorder.o(.noinit)
    STACK                                    0x200005a8   Section     1024  startup_py32f003xx.o(STACK)

    Global Symbols

    Symbol Name                              Value     Ov Type        Size  Object(Section)

    BuildAttributes$$THM_ISAv3M$S$PE$A:L22$X:L11$S22$IEEE1$IW$~IW$USESV6$~STKCKD$USESV7$~SHL$OTIME$EBA8$MICROLIB$REQ8$PRES8$EABIv2 0x00000000   Number         0  anon$$obj.o ABSOLUTE
    __cpp_initialize__aeabi_                  - Undefined Weak Reference
    __cxa_finalize                            - Undefined Weak Reference
    _clock_init                               - Undefined Weak Reference
    _microlib_exit                            - Undefined Weak Reference
    __Vectors_Size                           0x000000c0   Number         0  startup_py32f003xx.o ABSOLUTE
    __Vectors                                0x08000000   Data           4  startup_py32f003xx.o(RESET)
    __Vectors_End                            0x080000c0   Data           0  startup_py32f003xx.o(RESET)
    __main                                   0x080000c1   Thumb Code     0  entry.o(.ARM.Collect$$$$00000000)
    _main_stk                                0x080000c1   Thumb Code     0  entry2.o(.ARM.Collect$$$$00000001)
    _main_scatterload                        0x080000c5   Thumb Code     0  entry5.o(.ARM.Collect$$$$00000004)
    __main_after_scatterload                 0x080000c9   Thumb Code     0  entry5.o(.ARM.Collect$$$$00000004)
    _main_clock                              0x080000c9   Thumb Code     0  entry7b.o(.ARM.Collect$$$$00000008)
    _main_cpp_init                           0x080000c9   Thumb Code     0  entry8b.o(.ARM.Collect$$$$0000000A)
    _main_init                               0x080000c9   Thumb Code     0  entry9a.o(.ARM.Collect$$$$0000000B)
    __rt_final_cpp                           0x080000d1   Thumb Code     0  entry10a.o(.ARM.Collect$$$$0000000D)
    __rt_final_exit                          0x080000d1   Thumb Code     0  entry11a.o(.ARM.Collect$$$$0000000F)
    Reset_Handler                            0x080000d5   Thumb Code     8  startup_py32f003xx.o(.text)
    ADC_COMP_IRQHandler                      0x080000e7   Thumb Code     0  startup_py32f003xx.o(.text)
    DMA1_Channel1_IRQHandler                 0x080000e7   Thumb Code     0  startup_py32f003xx.o(.text)
    DMA1_Channel2_3_IRQHandler               0x080000e7   Thumb Code     0  startup_py32f003xx.o(.text)
    EXTI0_1_IRQHandler                       0x080000e7   Thumb Code     0  startup_py32f003xx.o(.text)
    EXTI2_3_IRQHandler                       0x080000e7   Thumb Code     0  startup_py32f003xx.o(.text)
    EXTI4_15_IRQHandler                      0x080000e7   Thumb Code     0  startup_py32f003xx.o(.text)
    FLASH_IRQHandler                         0x080000e7   Thumb Code     0  startup_py32f003xx.o(.text)
    I2C1_IRQHandler                          0x080000e7   Thumb Code     0  startup_py32f003xx.o(.text)
    LPTIM1_IRQHandler                        0x080000e7   Thumb Code     0  startup_py32f003xx.o(.text)
    PVD_IRQHandler                           0x080000e7   Thumb Code     0  startup_py32f003xx.o(.text)
    RCC_IRQHandler                           0x080000e7   Thumb Code     0  startup_py32f003xx.o(.text)
    RTC_IRQHandler                           0x080000e7   Thumb Code     0  startup_py32f003xx.o(.text)
    SPI1_IRQHandler                          0x080000e7   Thumb Code     0  startup_py32f003xx.o(.text)
    TIM14_IRQHandler                         0x080000e7   Thumb Code     0  startup_py32f003xx.o(.text)
    TIM16_IRQHandler                         0x080000e7   Thumb Code     0  startup_py32f003xx.o(.text)
    TIM17_IRQHandler                         0x080000e7   Thumb Code     0  startup_py32f003xx.o(.text)
    TIM1_BRK_UP_TRG_COM_IRQHandler           0x080000e7   Thumb Code     0  startup_py32f003xx.o(.text)
    TIM1_CC_IRQHandler                       0x080000e7   Thumb Code     0  startup_py32f003xx.o(.text)
    TIM3_IRQHandler                          0x080000e7   Thumb Code     0  startup_py32f003xx.o(.text)
    USART1_IRQHandler                        0x080000e7   Thumb Code     0  startup_py32f003xx.o(.text)
    USART2_IRQHandler                        0x080000e7   Thumb Code     0  startup_py32f003xx.o(.text)
    WWDG_IRQHandler                          0x080000e7   Thumb Code     0  startup_py32f003xx.o(.text)
    __aeabi_uidiv                            0x080000f1   Thumb Code     0  uidiv_div0.o(.text)
    __aeabi_uidivmod                         0x080000f1   Thumb Code    62  uidiv_div0.o(.text)
    __scatterload                            0x08000131   Thumb Code    38  init.o(.text)
    __scatterload_rt2                        0x08000131   Thumb Code     0  init.o(.text)
    __decompress                             0x08000161   Thumb Code     0  __dczerorl.o(.text)
    __decompress0                            0x08000161   Thumb Code    58  __dczerorl.o(.text)
    main                                     0x0800019d   Thumb Code    36  system_py32f0xx.o(.text.$Sub$$main)
    HardFault_Handler                        0x080001c5   Thumb Code     2  py32f0xx_it.o(.text.HardFault_Handler)
    LL_Init1msTick                           0x080001c9   Thumb Code    28  py32f0xx_ll_utils.o(.text.LL_Init1msTick)
    LL_SetSystemCoreClock                    0x080001e5   Thumb Code     8  py32f0xx_ll_utils.o(.text.LL_SetSystemCoreClock)
    LL_mDelay                                0x080001f1   Thumb Code    32  py32f0xx_ll_utils.o(.text.LL_mDelay)
    NMI_Handler                              0x08000215   Thumb Code     2  py32f0xx_it.o(.text.NMI_Handler)
    PendSV_Handler                           0x08000217   Thumb Code     2  py32f0xx_it.o(.text.PendSV_Handler)
    SVC_Handler                              0x08000219   Thumb Code     2  py32f0xx_it.o(.text.SVC_Handler)
    SysTick_Handler                          0x0800021b   Thumb Code     2  py32f0xx_it.o(.text.SysTick_Handler)
    SystemInit                               0x0800021d   Thumb Code    32  system_py32f0xx.o(.text.SystemInit)
    $Super$$main                             0x0800024d   Thumb Code   120  main.o(.text.main)
    __scatterload_copy                       0x080002d1   Thumb Code    14  handlers.o(i.__scatterload_copy)
    __scatterload_null                       0x080002df   Thumb Code     2  handlers.o(i.__scatterload_null)
    __scatterload_zeroinit                   0x080002e1   Thumb Code    14  handlers.o(i.__scatterload_zeroinit)
    EventRecorderInfo                        0x080002f0   Data          24  eventrecorder.o(.rodata.EventRecorderInfo)
    Region$$Table$$Base                      0x08000308   Number         0  anon$$obj.o(Region$$Table)
    Region$$Table$$Limit                     0x08000328   Number         0  anon$$obj.o(Region$$Table)
    VECT_SRAM_TAB                            0x20000000   Data         192  system_py32f0xx.o(.ARM.__at_0x20000000)
    SystemCoreClock                          0x200000c0   Data           4  system_py32f0xx.o(.data.SystemCoreClock)
    __initial_sp                             0x200009a8   Data           0  startup_py32f003xx.o(STACK)



==============================================================================

Memory Map of the image

  Image Entry point : 0x080000c1

  Load Region LR_IROM1 (Base: 0x08000000, Size: 0x000008e8, Max: 0x00010000, ABSOLUTE, COMPRESSED[0x00000350])

    Execution Region ER_IROM1 (Exec base: 0x08000000, Load base: 0x08000000, Size: 0x00000328, Max: 0x00010000, ABSOLUTE)

    Exec Addr    Load Addr    Size         Type   Attr      Idx    E Section Name        Object

    0x08000000   0x08000000   0x000000c0   Data   RO           22    RESET               startup_py32f003xx.o
    0x080000c0   0x080000c0   0x00000000   Code   RO          155  * .ARM.Collect$$$$00000000  mc_p.l(entry.o)
    0x080000c0   0x080000c0   0x00000004   Code   RO          170    .ARM.Collect$$$$00000001  mc_p.l(entry2.o)
    0x080000c4   0x080000c4   0x00000004   Code   RO          173    .ARM.Collect$$$$00000004  mc_p.l(entry5.o)
    0x080000c8   0x080000c8   0x00000000   Code   RO          175    .ARM.Collect$$$$00000008  mc_p.l(entry7b.o)
    0x080000c8   0x080000c8   0x00000000   Code   RO          177    .ARM.Collect$$$$0000000A  mc_p.l(entry8b.o)
    0x080000c8   0x080000c8   0x00000008   Code   RO          178    .ARM.Collect$$$$0000000B  mc_p.l(entry9a.o)
    0x080000d0   0x080000d0   0x00000000   Code   RO          180    .ARM.Collect$$$$0000000D  mc_p.l(entry10a.o)
    0x080000d0   0x080000d0   0x00000000   Code   RO          182    .ARM.Collect$$$$0000000F  mc_p.l(entry11a.o)
    0x080000d0   0x080000d0   0x00000004   Code   RO          171    .ARM.Collect$$$$00002712  mc_p.l(entry2.o)
    0x080000d4   0x080000d4   0x0000001c   Code   RO           23    .text               startup_py32f003xx.o
    0x080000f0   0x080000f0   0x0000003e   Code   RO          188    .text               mc_p.l(uidiv_div0.o)
    0x0800012e   0x0800012e   0x00000002   PAD
    0x08000130   0x08000130   0x00000030   Code   RO          194    .text               mc_p.l(init.o)
    0x08000160   0x08000160   0x0000003a   Code   RO          204    .text               mc_p.l(__dczerorl.o)
    0x0800019a   0x0800019a   0x00000002   PAD
    0x0800019c   0x0800019c   0x00000028   Code   RO            6    .text.$Sub$$main    system_py32f0xx.o
    0x080001c4   0x080001c4   0x00000002   Code   RO           44    .text.HardFault_Handler  py32f0xx_it.o
    0x080001c6   0x080001c6   0x00000002   PAD
    0x080001c8   0x080001c8   0x0000001c   Code   RO          140    .text.LL_Init1msTick  py32f0xx_ll_utils.o
    0x080001e4   0x080001e4   0x0000000c   Code   RO          144    .text.LL_SetSystemCoreClock  py32f0xx_ll_utils.o
    0x080001f0   0x080001f0   0x00000024   Code   RO          142    .text.LL_mDelay     py32f0xx_ll_utils.o
    0x08000214   0x08000214   0x00000002   Code   RO           42    .text.NMI_Handler   py32f0xx_it.o
    0x08000216   0x08000216   0x00000002   Code   RO           48    .text.PendSV_Handler  py32f0xx_it.o
    0x08000218   0x08000218   0x00000002   Code   RO           46    .text.SVC_Handler   py32f0xx_it.o
    0x0800021a   0x0800021a   0x00000002   Code   RO           50    .text.SysTick_Handler  py32f0xx_it.o
    0x0800021c   0x0800021c   0x00000030   Code   RO            4    .text.SystemInit    system_py32f0xx.o
    0x0800024c   0x0800024c   0x00000084   Code   RO           30    .text.main          main.o
    0x080002d0   0x080002d0   0x0000000e   Code   RO          198    i.__scatterload_copy  mc_p.l(handlers.o)
    0x080002de   0x080002de   0x00000002   Code   RO          199    i.__scatterload_null  mc_p.l(handlers.o)
    0x080002e0   0x080002e0   0x0000000e   Code   RO          200    i.__scatterload_zeroinit  mc_p.l(handlers.o)
    0x080002ee   0x080002ee   0x00000002   PAD
    0x080002f0   0x080002f0   0x00000018   Data   RO           80    .rodata.EventRecorderInfo  eventrecorder.o
    0x08000308   0x08000308   0x00000020   Data   RO          197    Region$$Table       anon$$obj.o


    Execution Region RW_IRAM1 (Exec base: 0x20000000, Load base: 0x08000340, Size: 0x000009a8, Max: 0x00002000, ABSOLUTE, COMPRESSED[0x00000010])

    Exec Addr    Load Addr    Size         Type   Attr      Idx    E Section Name        Object

    0x20000000   COMPRESSED   0x000000c0   Data   RW           12    .ARM.__at_0x20000000  system_py32f0xx.o
    0x200000c0   COMPRESSED   0x00000004   Data   RW            8    .data.SystemCoreClock  system_py32f0xx.o
    0x200000c4   COMPRESSED   0x0000003c   PAD
    0x20000100   COMPRESSED   0x000004a4   Data   RW           79    .noinit             eventrecorder.o
    0x200005a4   COMPRESSED   0x00000004   PAD
    0x200005a8        -       0x00000400   Zero   RW           20    STACK               startup_py32f003xx.o


==============================================================================

Image component sizes


      Code (inc. data)   RO Data    RW Data    ZI Data      Debug   Object Name

         0          0         24       1188          0      16516   eventrecorder.o
       132         12          0          0          0       2803   main.o
        10          0          0          0          0        802   py32f0xx_it.o
        76          8          0          0          0       3295   py32f0xx_ll_utils.o
        28          8        192          0       1024        740   startup_py32f003xx.o
        88         20          0        196          0       2506   system_py32f0xx.o

    ----------------------------------------------------------------------
       336         48        248       1444       1028      26662   Object Totals
         0          0         32          0          0          0   (incl. Generated)
         2          0          0         60          4          0   (incl. Padding)

    ----------------------------------------------------------------------

      Code (inc. data)   RO Data    RW Data    ZI Data      Debug   Library Member Name

        58          0          0          0          0          0   __dczerorl.o
         0          0          0          0          0          0   entry.o
         0          0          0          0          0          0   entry10a.o
         0          0          0          0          0          0   entry11a.o
         8          4          0          0          0          0   entry2.o
         4          0          0          0          0          0   entry5.o
         0          0          0          0          0          0   entry7b.o
         0          0          0          0          0          0   entry8b.o
         8          4          0          0          0          0   entry9a.o
        30          0          0          0          0          0   handlers.o
        48         10          0          0          0         68   init.o
        62          0          0          0          0         72   uidiv_div0.o

    ----------------------------------------------------------------------
       224         18          0          0          0        140   Library Totals
         6          0          0          0          0          0   (incl. Padding)

    ----------------------------------------------------------------------

      Code (inc. data)   RO Data    RW Data    ZI Data      Debug   Library Name

       218         18          0          0          0        140   mc_p.l

    ----------------------------------------------------------------------
       224         18          0          0          0        140   Library Totals

    ----------------------------------------------------------------------

==============================================================================


      Code (inc. data)   RO Data    RW Data    ZI Data      Debug   

       560         66        248       1444       1028      26966   Grand Totals
       560         66        248         16       1028      26966   ELF Image Totals (compressed)
       560         66        248         16          0          0   ROM Totals

==============================================================================

    Total RO  Size (Code + RO Data)                  808 (   0.79kB)
    Total RW  Size (RW Data + ZI Data)              2472 (   2.41kB)
    Total ROM Size (Code + RO Data + RW Data)        824 (   0.80kB)

==============================================================================

