<html>
<body>
<pre>
<h1>µVision Build Log</h1>
<h2>Tool Versions:</h2>
IDE-Version: µVision V5.43.1.0
Copyright (C) 2025 ARM Ltd and ARM Germany GmbH. All rights reserved.
License Information: Andrei Baneasa
Self-Employed
User-based license: Keil MDK Community (non-commercial free of charge)
Valid until: Jun 1 2033. Cached until: Mar 26 2026
 
Tool Versions:
Toolchain:       Keil MDK Community (non-commercial free of charge  Version: 5.43.0.0
Toolchain Path:  C:\Users\Andrei_Baneasa\AppData\Local\Keil_v5\ARM\ARMCLANG\Bin
C Compiler:      ArmClang.exe V6.24
Assembler:       Armasm.exe V6.24
Linker/Locator:  ArmLink.exe V6.24
Library Manager: ArmAr.exe V6.24
Hex Converter:   FromElf.exe V6.24
CPU DLL:         SARMCM3.DLL V5.43.0.0
Dialog DLL:      DARMCM1.DLL V1.19.6.0
Target DLL:      CMSIS_AGDI.dll V1.33.24.0
Dialog DLL:      TARMCM1.DLL V1.14.6.0
 
<h2>Project:</h2>
C:\Users\Andrei_Baneasa\Documents\Work\keil_py32\PY-MCU-20221117\Library and Examples\PY32F0xx_Firmware_V1.1.2\Projects\PY32F002A-STK\Example\PUYAAAAAAAAAAAA\GPIO_Toggle\MDK-ARM\Project.uvprojx
Project File Date:  03/19/2026

<h2>Output:</h2>
*** Using Compiler 'V6.24', folder: 'C:\Users\Andrei_Baneasa\AppData\Local\Keil_v5\ARM\ARMCLANG\Bin'
Build target 'Project'
compiling main.c...
linking...
Program Size: Code=560 RO-data=248 RW-data=1444 ZI-data=1028  
FromELF: creating hex file...
".\Objects\Project.axf" - 0 Error(s), 0 Warning(s).

<h2>Software Packages used:</h2>

Package Vendor: Puya
                https://www.puyasemi.com/uploadfiles/Puya.PY32F0xx_DFP.1.2.8.pack
                Puya::PY32F0xx_DFP@1.2.8
                Puya PY32F0 Series Device Support

<h2>Collection of Component include folders:</h2>
  C:/Users/Andrei_Baneasa/AppData/Local/Arm/Packs/Puya/PY32F0xx_DFP/1.2.8/Drivers/CMSIS/Device/PY32F0xx/Include

<h2>Collection of Component Files used:</h2>
Build Time Elapsed:  00:00:00
</pre>
</body>
</html>
